// Jest Snapshot v1, https://goo.gl/fbAQLP

exports[`Given a Login component renders correctly 1`] = `
<View
  style={
    Object {
      "backgroundColor": "#D3E0FF",
    }
  }
>
  <View>
    <View
      style={
        Object {
          "alignItems": "center",
          "backgroundColor": "white",
          "borderColor": "#397ED0",
          "borderRadius": 25,
          "borderWidth": 2,
          "display": "flex",
          "flexDirection": "row",
          "fontSize": 25,
          "height": 50,
          "margin": 15,
          "marginTop": 20,
          "paddingLeft": 15,
          "textAlign": "center",
          "width": 360,
        }
      }
    >
      <Image
        source={
          Object {
            "testUri": "../../../src/img/search.png",
          }
        }
        style={
          Object {
            "height": 30,
            "opacity": 0.7,
            "width": 30,
          }
        }
      />
      <TextInput
        allowFontScaling={true}
        autoCapitalize="none"
        placeholder="Buscar"
        rejectResponderTermination={true}
        style={
          Object {
            "fontSize": 20,
            "paddingLeft": 20,
          }
        }
        underlineColorAndroid="transparent"
      />
    </View>
  </View>
  <View>
    <View
      style={
        Object {
          "backgroundColor": "white",
          "flexDirection": "column",
          "flexWrap": "wrap",
          "margin": 10,
          "padding": 10,
        }
      }
    >
      <Text
        style={
          Object {
            "backgroundColor": "white",
            "color": "#FF914D",
            "fontSize": 30,
          }
        }
      >
        Ingredientes
      </Text>
      <View
        style={
          Object {
            "flexDirection": "row",
          }
        }
      >
        <View
          accessible={true}
          focusable={true}
          onClick={[Function]}
          onResponderGrant={[Function]}
          onResponderMove={[Function]}
          onResponderRelease={[Function]}
          onResponderTerminate={[Function]}
          onResponderTerminationRequest={[Function]}
          onStartShouldSetResponder={[Function]}
          style={
            Object {
              "borderRadius": 5,
              "borderWidth": 1,
              "marginHorizontal": 10,
              "marginVertical": 10,
              "opacity": 1,
              "padding": 10,
            }
          }
        >
          <Text>
            Huevo
          </Text>
        </View>
        <View
          accessible={true}
          focusable={true}
          onClick={[Function]}
          onResponderGrant={[Function]}
          onResponderMove={[Function]}
          onResponderRelease={[Function]}
          onResponderTerminate={[Function]}
          onResponderTerminationRequest={[Function]}
          onStartShouldSetResponder={[Function]}
          style={
            Object {
              "borderRadius": 5,
              "borderWidth": 1,
              "marginHorizontal": 10,
              "marginVertical": 10,
              "opacity": 1,
              "padding": 10,
            }
          }
        >
          <Text>
            Tomate
          </Text>
        </View>
        <View
          accessible={true}
          focusable={true}
          onClick={[Function]}
          onResponderGrant={[Function]}
          onResponderMove={[Function]}
          onResponderRelease={[Function]}
          onResponderTerminate={[Function]}
          onResponderTerminationRequest={[Function]}
          onStartShouldSetResponder={[Function]}
          style={
            Object {
              "borderRadius": 5,
              "borderWidth": 1,
              "marginHorizontal": 10,
              "marginVertical": 10,
              "opacity": 1,
              "padding": 10,
            }
          }
        >
          <Text>
            Jud√≠as
          </Text>
        </View>
        <View
          accessible={true}
          focusable={true}
          onClick={[Function]}
          onResponderGrant={[Function]}
          onResponderMove={[Function]}
          onResponderRelease={[Function]}
          onResponderTerminate={[Function]}
          onResponderTerminationRequest={[Function]}
          onStartShouldSetResponder={[Function]}
          style={
            Object {
              "borderRadius": 5,
              "borderWidth": 1,
              "marginHorizontal": 10,
              "marginVertical": 10,
              "opacity": 1,
              "padding": 10,
            }
          }
        >
          <Text>
            Arroz
          </Text>
        </View>
      </View>
    </View>
  </View>
  <View>
    <RCTScrollView
      data={
        Array [
          Object {
            "description": "1a",
            "image": Array [
              "a",
            ],
            "recipeIngredient": Array [
              "b",
            ],
            "title": "macarrones",
          },
          Object {
            "description": "2a",
            "image": Array [
              "a",
            ],
            "recipeIngredient": Array [
              "b",
            ],
            "title": "Queso",
          },
        ]
      }
      disableVirtualization={false}
      getItem={[Function]}
      getItemCount={[Function]}
      horizontal={false}
      initialNumToRender={10}
      keyExtractor={[Function]}
      maxToRenderPerBatch={10}
      onContentSizeChange={[Function]}
      onEndReachedThreshold={2}
      onLayout={[Function]}
      onMomentumScrollEnd={[Function]}
      onScroll={[Function]}
      onScrollBeginDrag={[Function]}
      onScrollEndDrag={[Function]}
      removeClippedSubviews={false}
      renderItem={[Function]}
      scrollEventThrottle={50}
      stickyHeaderIndices={Array []}
      updateCellsBatchingPeriod={50}
      viewabilityConfigCallbackPairs={Array []}
      windowSize={21}
    >
      <View>
        <View
          onLayout={[Function]}
          style={null}
        >
          <View
            accessible={true}
            focusable={true}
            onClick={[Function]}
            onResponderGrant={[Function]}
            onResponderMove={[Function]}
            onResponderRelease={[Function]}
            onResponderTerminate={[Function]}
            onResponderTerminationRequest={[Function]}
            onStartShouldSetResponder={[Function]}
            style={
              Object {
                "backgroundColor": "white",
                "flexDirection": "column",
                "margin": 10,
                "opacity": 1,
              }
            }
          >
            <Image
              source={
                Object {
                  "uri": "a",
                }
              }
              style={
                Object {
                  "height": 150,
                }
              }
            />
            <Text
              style={
                Object {
                  "flex": 1,
                  "flexWrap": "wrap",
                  "fontSize": 20,
                  "padding": 10,
                }
              }
            >
              macarrones
            </Text>
            <View
              style={
                Object {
                  "flex": 1,
                  "flexDirection": "row",
                  "justifyContent": "space-around",
                }
              }
            >
              <View>
                <Image
                  source={
                    Object {
                      "testUri": "../../../src/img/Ingredientes.jpg",
                    }
                  }
                  style={
                    Object {
                      "height": 50,
                      "width": 50,
                    }
                  }
                />
                <Text
                  style={
                    Object {
                      "flexWrap": "wrap",
                      "fontSize": 15,
                      "padding": 10,
                    }
                  }
                >
                  1
                </Text>
              </View>
              <View>
                <Image
                  source={
                    Object {
                      "testUri": "../../../src/img/herramientas-y-utensilios.png",
                    }
                  }
                  style={
                    Object {
                      "height": 50,
                      "width": 50,
                    }
                  }
                />
                <Text
                  style={
                    Object {
                      "flexWrap": "wrap",
                      "fontSize": 15,
                      "padding": 10,
                    }
                  }
                />
              </View>
              <View>
                <Image
                  source={
                    Object {
                      "testUri": "../../../src/img/duration.png",
                    }
                  }
                  style={
                    Object {
                      "height": 50,
                      "width": 50,
                    }
                  }
                />
                <Text
                  style={
                    Object {
                      "flexWrap": "wrap",
                      "fontSize": 15,
                      "padding": 10,
                    }
                  }
                />
              </View>
            </View>
            <Text
              style={
                Object {
                  "flexWrap": "wrap",
                  "fontSize": 15,
                  "padding": 10,
                }
              }
            />
          </View>
        </View>
        <View
          onLayout={[Function]}
          style={null}
        >
          <View
            accessible={true}
            focusable={true}
            onClick={[Function]}
            onResponderGrant={[Function]}
            onResponderMove={[Function]}
            onResponderRelease={[Function]}
            onResponderTerminate={[Function]}
            onResponderTerminationRequest={[Function]}
            onStartShouldSetResponder={[Function]}
            style={
              Object {
                "backgroundColor": "white",
                "flexDirection": "column",
                "margin": 10,
                "opacity": 1,
              }
            }
          >
            <Image
              source={
                Object {
                  "uri": "a",
                }
              }
              style={
                Object {
                  "height": 150,
                }
              }
            />
            <Text
              style={
                Object {
                  "flex": 1,
                  "flexWrap": "wrap",
                  "fontSize": 20,
                  "padding": 10,
                }
              }
            >
              Queso
            </Text>
            <View
              style={
                Object {
                  "flex": 1,
                  "flexDirection": "row",
                  "justifyContent": "space-around",
                }
              }
            >
              <View>
                <Image
                  source={
                    Object {
                      "testUri": "../../../src/img/Ingredientes.jpg",
                    }
                  }
                  style={
                    Object {
                      "height": 50,
                      "width": 50,
                    }
                  }
                />
                <Text
                  style={
                    Object {
                      "flexWrap": "wrap",
                      "fontSize": 15,
                      "padding": 10,
                    }
                  }
                >
                  1
                </Text>
              </View>
              <View>
                <Image
                  source={
                    Object {
                      "testUri": "../../../src/img/herramientas-y-utensilios.png",
                    }
                  }
                  style={
                    Object {
                      "height": 50,
                      "width": 50,
                    }
                  }
                />
                <Text
                  style={
                    Object {
                      "flexWrap": "wrap",
                      "fontSize": 15,
                      "padding": 10,
                    }
                  }
                />
              </View>
              <View>
                <Image
                  source={
                    Object {
                      "testUri": "../../../src/img/duration.png",
                    }
                  }
                  style={
                    Object {
                      "height": 50,
                      "width": 50,
                    }
                  }
                />
                <Text
                  style={
                    Object {
                      "flexWrap": "wrap",
                      "fontSize": 15,
                      "padding": 10,
                    }
                  }
                />
              </View>
            </View>
            <Text
              style={
                Object {
                  "flexWrap": "wrap",
                  "fontSize": 15,
                  "padding": 10,
                }
              }
            />
          </View>
        </View>
      </View>
    </RCTScrollView>
  </View>
</View>
`;
