// Jest Snapshot v1, https://goo.gl/fbAQLP

exports[`Given a SearchRecipe component renders correctly 1`] = `
<View
  style={
    Object {
      "backgroundColor": "#D3E0FF",
      "justifyContent": "center",
    }
  }
>
  <View
    style={Object {}}
  >
    <View
      style={
        Object {
          "alignItems": "center",
          "backgroundColor": "white",
          "borderColor": "#397ED0",
          "borderRadius": 25,
          "borderWidth": 2,
          "display": "flex",
          "flexDirection": "row",
          "fontSize": 25,
          "height": 50,
          "margin": 15,
          "marginTop": 20,
          "paddingLeft": 15,
          "textAlign": "center",
          "width": 360,
        }
      }
    >
      <View
        accessible={true}
        focusable={true}
        onClick={[Function]}
        onResponderGrant={[Function]}
        onResponderMove={[Function]}
        onResponderRelease={[Function]}
        onResponderTerminate={[Function]}
        onResponderTerminationRequest={[Function]}
        onStartShouldSetResponder={[Function]}
        style={
          Object {
            "opacity": 1,
          }
        }
      >
        <Image
          source={
            Object {
              "testUri": "../../../src/img/search.png",
            }
          }
          style={
            Object {
              "height": 30,
              "opacity": 0.7,
              "width": 30,
            }
          }
        />
      </View>
      <TextInput
        allowFontScaling={true}
        autoCapitalize="none"
        onChangeText={[Function]}
        placeholder="Buscar"
        rejectResponderTermination={true}
        style={
          Object {
            "fontSize": 20,
            "paddingLeft": 20,
          }
        }
        underlineColorAndroid="transparent"
      />
    </View>
  </View>
  <View>
    <View>
      <View
        style={
          Object {
            "backgroundColor": "white",
            "flexDirection": "column",
            "flexWrap": "wrap",
            "margin": 10,
            "padding": 10,
          }
        }
      >
        <Text
          style={
            Object {
              "backgroundColor": "white",
              "fontSize": 20,
            }
          }
        >
          Mi selecci√≥n
        </Text>
        <Text>
          tomate
        </Text>
        <Text
          style={
            Object {
              "paddingVertical": 10,
            }
          }
        />
      </View>
    </View>
  </View>
  <View
    accessible={true}
    focusable={true}
    onClick={[Function]}
    onResponderGrant={[Function]}
    onResponderMove={[Function]}
    onResponderRelease={[Function]}
    onResponderTerminate={[Function]}
    onResponderTerminationRequest={[Function]}
    onStartShouldSetResponder={[Function]}
    style={
      Object {
        "alignItems": "center",
        "backgroundColor": "white",
        "borderRadius": 25,
        "height": 50,
        "justifyContent": "center",
        "marginTop": 30,
        "opacity": 1,
        "width": 300,
      }
    }
  >
    <Text
      style={
        Object {
          "fontFamily": "Cochin",
          "fontSize": 25,
        }
      }
    >
      Mostrar recetas
    </Text>
  </View>
</View>
`;
