// Jest Snapshot v1, https://goo.gl/fbAQLP

exports[`Given a FavoritesList component renders correctly 1`] = `
<View
  style={
    Object {
      "alignItems": "center",
      "backgroundColor": "#D3E0FF",
      "flex": 1,
      "justifyContent": "center",
      "padding": 24,
    }
  }
>
  <View
    accessible={true}
    focusable={true}
    onClick={[Function]}
    onResponderGrant={[Function]}
    onResponderMove={[Function]}
    onResponderRelease={[Function]}
    onResponderTerminate={[Function]}
    onResponderTerminationRequest={[Function]}
    onStartShouldSetResponder={[Function]}
    style={
      Object {
        "backgroundColor": "white",
        "borderRadius": 25,
        "height": 10,
        "left": 20,
        "opacity": 1,
        "padding": 20,
        "position": "absolute",
        "top": 20,
        "width": 10,
        "zIndex": 1,
      }
    }
  >
    <Image
      source={
        Object {
          "testUri": "../../../src/img/back.png",
        }
      }
      style={
        Object {
          "height": 20,
          "left": -12,
          "position": "relative",
          "top": -10,
          "width": 20,
        }
      }
    />
  </View>
  <View
    style={
      Object {
        "alignItems": "center",
        "backgroundColor": "#D3E0FF",
        "display": "flex",
        "paddingTop": 100,
      }
    }
  >
    <Text
      style={
        Object {
          "color": "#616161",
          "fontSize": 30,
          "fontWeight": "bold",
        }
      }
    >
      ¡Hola 
      !
    </Text>
    <Image
      source={
        Object {
          "testUri": "../../../src/img/user.png",
        }
      }
      style={
        Object {
          "borderColor": "#FF914D",
          "borderRadius": 50,
          "borderWidth": 1,
          "height": 100,
          "margin": 10,
          "width": 100,
        }
      }
    />
    <Text
      style={
        Object {
          "color": "#616161",
          "fontSize": 20,
          "fontWeight": "bold",
        }
      }
    >
      Mis recetas
    </Text>
    <RCTScrollView
      data={
        Array [
          Object {
            "_id": "4a3b2c1d",
            "image": Array [
              "image1",
            ],
            "recipeIngredient": Array [
              "perejil",
              "tomate",
            ],
            "title": "meat",
          },
        ]
      }
      disableVirtualization={false}
      getItem={[Function]}
      getItemCount={[Function]}
      horizontal={false}
      initialNumToRender={10}
      keyExtractor={[Function]}
      maxToRenderPerBatch={10}
      onContentSizeChange={[Function]}
      onEndReachedThreshold={2}
      onLayout={[Function]}
      onMomentumScrollEnd={[Function]}
      onScroll={[Function]}
      onScrollBeginDrag={[Function]}
      onScrollEndDrag={[Function]}
      removeClippedSubviews={false}
      renderItem={[Function]}
      scrollEventThrottle={50}
      stickyHeaderIndices={Array []}
      updateCellsBatchingPeriod={50}
      viewabilityConfigCallbackPairs={Array []}
      windowSize={21}
    >
      <View>
        <View
          onLayout={[Function]}
          style={null}
        >
          <View
            style={
              Array [
                Object {
                  "flexDirection": "row",
                  "justifyContent": "space-around",
                },
                Object {
                  "alignItems": "center",
                  "backgroundColor": "white",
                  "borderRadius": 5,
                  "justifyContent": "space-between",
                  "margin": 5,
                  "paddingLeft": 10,
                  "paddingVertical": 10,
                  "width": 350,
                },
              ]
            }
          >
            <View
              accessible={true}
              focusable={true}
              onClick={[Function]}
              onResponderGrant={[Function]}
              onResponderMove={[Function]}
              onResponderRelease={[Function]}
              onResponderTerminate={[Function]}
              onResponderTerminationRequest={[Function]}
              onStartShouldSetResponder={[Function]}
              style={
                Object {
                  "opacity": 1,
                }
              }
            >
              <Text
                style={
                  Object {
                    "color": "#616161",
                    "fontSize": 20,
                    "maxWidth": 250,
                    "textAlign": "center",
                  }
                }
              >
                meat
              </Text>
            </View>
            <View
              accessible={true}
              focusable={true}
              onClick={[Function]}
              onResponderGrant={[Function]}
              onResponderMove={[Function]}
              onResponderRelease={[Function]}
              onResponderTerminate={[Function]}
              onResponderTerminationRequest={[Function]}
              onStartShouldSetResponder={[Function]}
              style={
                Object {
                  "opacity": 1,
                }
              }
            >
              <Image
                source={
                  Object {
                    "testUri": "../../../src/img/trash.png",
                  }
                }
                style={
                  Object {
                    "height": 20,
                    "marginRight": 20,
                    "width": 20,
                  }
                }
              />
            </View>
          </View>
        </View>
      </View>
    </RCTScrollView>
    <View
      accessible={true}
      focusable={true}
      onClick={[Function]}
      onResponderGrant={[Function]}
      onResponderMove={[Function]}
      onResponderRelease={[Function]}
      onResponderTerminate={[Function]}
      onResponderTerminationRequest={[Function]}
      onStartShouldSetResponder={[Function]}
      style={
        Object {
          "alignItems": "center",
          "backgroundColor": "white",
          "borderRadius": 25,
          "height": 50,
          "justifyContent": "center",
          "marginTop": 30,
          "opacity": 1,
          "width": 300,
        }
      }
    >
      <Text
        style={
          Object {
            "fontFamily": "Cochin",
            "fontSize": 25,
          }
        }
      >
        Añadir receta
      </Text>
    </View>
    <View
      accessible={true}
      focusable={true}
      onClick={[Function]}
      onResponderGrant={[Function]}
      onResponderMove={[Function]}
      onResponderRelease={[Function]}
      onResponderTerminate={[Function]}
      onResponderTerminationRequest={[Function]}
      onStartShouldSetResponder={[Function]}
      style={
        Object {
          "alignItems": "center",
          "backgroundColor": "white",
          "borderRadius": 25,
          "height": 50,
          "justifyContent": "center",
          "marginTop": 30,
          "opacity": 1,
          "width": 300,
        }
      }
    >
      <Text
        style={
          Object {
            "fontFamily": "Cochin",
            "fontSize": 25,
          }
        }
      >
        Desconectar
      </Text>
    </View>
  </View>
</View>
`;
