// Jest Snapshot v1, https://goo.gl/fbAQLP

exports[`Given a RecipeDetail component renders correctly 1`] = `
<RCTScrollView
  style={
    Object {
      "backgroundColor": "#D3E0FF",
    }
  }
>
  <View>
    <View>
      <View
        accessible={true}
        focusable={true}
        onClick={[Function]}
        onResponderGrant={[Function]}
        onResponderMove={[Function]}
        onResponderRelease={[Function]}
        onResponderTerminate={[Function]}
        onResponderTerminationRequest={[Function]}
        onStartShouldSetResponder={[Function]}
        style={
          Object {
            "backgroundColor": "white",
            "borderRadius": 25,
            "height": 10,
            "left": 20,
            "opacity": 1,
            "padding": 20,
            "position": "absolute",
            "top": 20,
            "width": 10,
            "zIndex": 1,
          }
        }
      >
        <Image
          source={
            Object {
              "testUri": "../../../src/img/back.png",
            }
          }
          style={
            Object {
              "height": 20,
              "left": -12,
              "position": "relative",
              "top": -10,
              "width": 20,
            }
          }
        />
      </View>
      <View
        accessible={true}
        focusable={true}
        onClick={[Function]}
        onResponderGrant={[Function]}
        onResponderMove={[Function]}
        onResponderRelease={[Function]}
        onResponderTerminate={[Function]}
        onResponderTerminationRequest={[Function]}
        onStartShouldSetResponder={[Function]}
        style={
          Object {
            "backgroundColor": "white",
            "borderRadius": 25,
            "height": 10,
            "left": 330,
            "opacity": 1,
            "padding": 20,
            "position": "absolute",
            "top": 20,
            "width": 10,
            "zIndex": 1,
          }
        }
        testID="favoritePress"
      >
        <Image
          source={
            Object {
              "testUri": "../../../src/img/estrella_groga.png",
            }
          }
          style={
            Object {
              "height": 20,
              "left": -10,
              "position": "relative",
              "top": -10,
              "width": 20,
            }
          }
        />
      </View>
      <Image
        source={
          Object {
            "uri": "a",
          }
        }
        style={
          Object {
            "height": 300,
            "position": "relative",
          }
        }
      />
    </View>
    <View
      style={
        Object {
          "padding": 10,
        }
      }
    >
      <Text
        style={
          Object {
            "fontSize": 25,
            "fontWeight": "bold",
            "paddingBottom": 10,
          }
        }
      >
        macarrones
      </Text>
      <View
        style={
          Array [
            Object {
              "flexDirection": "row",
              "justifyContent": "space-around",
            },
            Object {
              "backgroundColor": "white",
            },
          ]
        }
      >
        <View
          style={
            Object {
              "alignItems": "center",
              "flexDirection": "column",
              "paddingVertical": 5,
            }
          }
        >
          <Text
            style={
              Object {
                "fontSize": 15,
              }
            }
          >
            Ingredientes
          </Text>
          <Image
            source={
              Object {
                "testUri": "../../../src/img/Ingredientes.jpg",
              }
            }
            style={
              Object {
                "height": 50,
                "width": 50,
              }
            }
          />
          <Text
            style={
              Object {
                "fontSize": 15,
              }
            }
          >
            1
          </Text>
        </View>
        <View
          style={
            Object {
              "alignItems": "center",
              "flexDirection": "column",
              "paddingVertical": 5,
            }
          }
        >
          <Text
            style={
              Object {
                "fontSize": 15,
              }
            }
          >
            Dificultad
          </Text>
          <Image
            source={
              Object {
                "testUri": "../../../src/img/herramientas-y-utensilios.png",
              }
            }
            style={
              Object {
                "height": 50,
                "width": 50,
              }
            }
          />
          <Text
            style={
              Object {
                "fontSize": 15,
              }
            }
          />
        </View>
        <View
          style={
            Object {
              "alignItems": "center",
              "flexDirection": "column",
              "paddingVertical": 5,
            }
          }
        >
          <Text
            style={
              Object {
                "fontSize": 15,
              }
            }
          >
            Tiempo total
          </Text>
          <Image
            source={
              Object {
                "testUri": "../../../src/img/duration.png",
              }
            }
            style={
              Object {
                "height": 50,
                "width": 50,
              }
            }
          />
          <Text
            style={
              Object {
                "fontSize": 15,
              }
            }
          />
        </View>
      </View>
      <View
        style={
          Array [
            Object {
              "flexDirection": "row",
              "justifyContent": "space-around",
            },
            Object {
              "backgroundColor": "lightgrey",
              "marginTop": 10,
            },
          ]
        }
      >
        <View
          accessible={true}
          focusable={true}
          onClick={[Function]}
          onResponderGrant={[Function]}
          onResponderMove={[Function]}
          onResponderRelease={[Function]}
          onResponderTerminate={[Function]}
          onResponderTerminationRequest={[Function]}
          onStartShouldSetResponder={[Function]}
          style={
            Object {
              "alignItems": "center",
              "height": 50,
              "justifyContent": "center",
              "opacity": 1,
              "width": 120,
            }
          }
        >
          <Text
            style={
              Object {
                "color": "#616161",
                "fontSize": 20,
                "fontWeight": "bold",
                "paddingVertical": 5,
              }
            }
          >
            Ingredientes
          </Text>
        </View>
        <View
          accessible={true}
          focusable={true}
          onClick={[Function]}
          onResponderGrant={[Function]}
          onResponderMove={[Function]}
          onResponderRelease={[Function]}
          onResponderTerminate={[Function]}
          onResponderTerminationRequest={[Function]}
          onStartShouldSetResponder={[Function]}
          style={
            Object {
              "alignItems": "center",
              "height": 50,
              "justifyContent": "center",
              "opacity": 1,
              "width": 120,
            }
          }
        >
          <Text
            style={
              Object {
                "color": "#FF914D",
                "fontSize": 20,
                "fontWeight": "bold",
                "paddingVertical": 5,
              }
            }
          >
            Pasos
          </Text>
        </View>
      </View>
      <View
        style={
          Object {
            "backgroundColor": "white",
          }
        }
      >
        <RCTScrollView
          disableVirtualization={false}
          getItem={[Function]}
          getItemCount={[Function]}
          horizontal={false}
          initialNumToRender={10}
          keyExtractor={[Function]}
          maxToRenderPerBatch={10}
          onContentSizeChange={[Function]}
          onEndReachedThreshold={2}
          onLayout={[Function]}
          onMomentumScrollEnd={[Function]}
          onScroll={[Function]}
          onScrollBeginDrag={[Function]}
          onScrollEndDrag={[Function]}
          removeClippedSubviews={false}
          renderItem={[Function]}
          scrollEventThrottle={50}
          stickyHeaderIndices={Array []}
          updateCellsBatchingPeriod={50}
          viewabilityConfigCallbackPairs={Array []}
          windowSize={21}
        >
          <View />
        </RCTScrollView>
      </View>
    </View>
  </View>
</RCTScrollView>
`;
